2025-04-06 14:08:50 URL:https://berty.tech/docs/index.html [59366/59366] -> "../../docs/index.html" [1]
2025-04-06 14:08:50 URL:https://berty.tech/robots.txt [7503/7503] -> "../../robots.txt" [1]
2025-04-06 14:08:50 URL:https://berty.tech/fonts/fa-brands-400.eot [129590/129590] -> "../../fonts/fa-brands-400.eot" [1]
2025-04-06 14:08:50 URL:https://berty.tech/fonts/fa-brands-400.eot? [129590/129590] -> "../../fonts/fa-brands-400.eot@" [1]
2025-04-06 14:08:50 URL:https://berty.tech/fonts/fa-brands-400.woff2 [74652/74652] -> "../../fonts/fa-brands-400.woff2" [1]
2025-04-06 14:08:50 URL:https://berty.tech/fonts/fa-brands-400.woff [87520/87520] -> "../../fonts/fa-brands-400.woff" [1]
2025-04-06 14:08:51 URL:https://berty.tech/fonts/fa-brands-400.ttf [129284/129284] -> "../../fonts/fa-brands-400.ttf" [1]
2025-04-06 14:08:51 URL:https://berty.tech/fonts/fa-brands-400.svg [685481/685481] -> "../../fonts/fa-brands-400.svg" [1]
2025-04-06 14:08:51 URL:https://berty.tech/fonts/fa-duotone-900.eot [502130/502130] -> "../../fonts/fa-duotone-900.eot" [1]
2025-04-06 14:08:51 URL:https://berty.tech/fonts/fa-duotone-900.eot? [502130/502130] -> "../../fonts/fa-duotone-900.eot@" [1]
2025-04-06 14:08:51 URL:https://berty.tech/fonts/fa-duotone-900.woff2 [165712/165712] -> "../../fonts/fa-duotone-900.woff2" [1]
2025-04-06 14:08:51 URL:https://berty.tech/fonts/fa-duotone-900.woff [234468/234468] -> "../../fonts/fa-duotone-900.woff" [1]
2025-04-06 14:08:51 URL:https://berty.tech/fonts/fa-duotone-900.ttf [501832/501832] -> "../../fonts/fa-duotone-900.ttf" [1]
2025-04-06 14:08:52 URL:https://berty.tech/fonts/fa-duotone-900.svg [2222363/2222363] -> "../../fonts/fa-duotone-900.svg" [1]
2025-04-06 14:08:52 URL:https://berty.tech/fonts/fa-light-300.eot [429282/429282] -> "../../fonts/fa-light-300.eot" [1]
2025-04-06 14:08:52 URL:https://berty.tech/fonts/fa-light-300.eot? [429282/429282] -> "../../fonts/fa-light-300.eot@" [1]
2025-04-06 14:08:52 URL:https://berty.tech/fonts/fa-light-300.woff2 [164968/164968] -> "../../fonts/fa-light-300.woff2" [1]
2025-04-06 14:08:53 URL:https://berty.tech/fonts/fa-light-300.woff [218228/218228] -> "../../fonts/fa-light-300.woff" [1]
2025-04-06 14:08:53 URL:https://berty.tech/fonts/fa-light-300.ttf [429000/429000] -> "../../fonts/fa-light-300.ttf" [1]
2025-04-06 14:08:53 URL:https://berty.tech/fonts/fa-light-300.svg [2046491/2046491] -> "../../fonts/fa-light-300.svg" [1]
2025-04-06 14:08:53 URL:https://berty.tech/fonts/fa-regular-400.eot [397226/397226] -> "../../fonts/fa-regular-400.eot" [1]
2025-04-06 14:08:54 URL:https://berty.tech/fonts/fa-regular-400.eot? [397226/397226] -> "../../fonts/fa-regular-400.eot@" [1]
2025-04-06 14:08:54 URL:https://berty.tech/fonts/fa-regular-400.woff2 [152180/152180] -> "../../fonts/fa-regular-400.woff2" [1]
2025-04-06 14:08:54 URL:https://berty.tech/fonts/fa-regular-400.woff [201232/201232] -> "../../fonts/fa-regular-400.woff" [1]
2025-04-06 14:08:54 URL:https://berty.tech/fonts/fa-regular-400.ttf [396932/396932] -> "../../fonts/fa-regular-400.ttf" [1]
2025-04-06 14:08:54 URL:https://berty.tech/fonts/fa-regular-400.svg [1836692/1836692] -> "../../fonts/fa-regular-400.svg" [1]
2025-04-06 14:08:55 URL:https://berty.tech/fonts/fa-solid-900.eot [338998/338998] -> "../../fonts/fa-solid-900.eot" [1]
2025-04-06 14:08:55 URL:https://berty.tech/fonts/fa-solid-900.eot? [338998/338998] -> "../../fonts/fa-solid-900.eot@" [1]
2025-04-06 14:08:55 URL:https://berty.tech/fonts/fa-solid-900.woff2 [123060/123060] -> "../../fonts/fa-solid-900.woff2" [1]
2025-04-06 14:08:55 URL:https://berty.tech/fonts/fa-solid-900.woff [164092/164092] -> "../../fonts/fa-solid-900.woff" [1]
2025-04-06 14:08:55 URL:https://berty.tech/fonts/fa-solid-900.ttf [338716/338716] -> "../../fonts/fa-solid-900.ttf" [1]
2025-04-06 14:08:55 URL:https://berty.tech/fonts/fa-solid-900.svg [1494561/1494561] -> "../../fonts/fa-solid-900.svg" [1]
2025-04-06 14:08:55 URL:https://berty.tech/fonts/slick.eot [2048/2048] -> "../../fonts/slick.eot" [1]
2025-04-06 14:08:56 URL:https://berty.tech/fonts/slick.eot? [2048/2048] -> "../../fonts/slick.eot@" [1]
2025-04-06 14:08:56 URL:https://berty.tech/fonts/slick.woff [1380/1380] -> "../../fonts/slick.woff" [1]
2025-04-06 14:08:56 URL:https://berty.tech/fonts/slick.ttf [1892/1892] -> "../../fonts/slick.ttf" [1]
2025-04-06 14:08:56 URL:https://berty.tech/fonts/slick.svg [1952/1952] -> "../../fonts/slick.svg" [1]
https://berty.tech/fonts/roboto-slap-v9-latin-regular.eot:
2025-04-06 14:08:56 ERROR 404: Not Found.
https://berty.tech/fonts/roboto-slap-v9-latin-regular.eot?:
2025-04-06 14:08:56 ERROR 404: Not Found.
https://berty.tech/fonts/roboto-slap-v9-latin-regular.woff:
2025-04-06 14:08:56 ERROR 404: Not Found.
https://berty.tech/fonts/roboto-slap-v9-latin-regular.ttf:
2025-04-06 14:08:56 ERROR 404: Not Found.
https://berty.tech/fonts/roboto-slap-v9-latin-regular.svg:
2025-04-06 14:08:57 ERROR 404: Not Found.
https://berty.tech/fonts/roboto-slap-v9-latin-700.eot:
2025-04-06 14:08:57 ERROR 404: Not Found.
https://berty.tech/fonts/roboto-slap-v9-latin-700.eot?:
2025-04-06 14:08:57 ERROR 404: Not Found.
https://berty.tech/fonts/roboto-slap-v9-latin-700.woff:
2025-04-06 14:08:57 ERROR 404: Not Found.
https://berty.tech/fonts/roboto-slap-v9-latin-700.ttf:
2025-04-06 14:08:58 ERROR 404: Not Found.
https://berty.tech/fonts/roboto-slap-v9-latin-700.svg:
2025-04-06 14:08:58 ERROR 404: Not Found.
2025-04-06 14:08:58 URL:https://berty.tech/fonts/source-sans-pro-v13-latin-regular.eot [19035/19035] -> "../../fonts/source-sans-pro-v13-latin-regular.eot" [1]
2025-04-06 14:08:58 URL:https://berty.tech/fonts/source-sans-pro-v13-latin-regular.eot? [19035/19035] -> "../../fonts/source-sans-pro-v13-latin-regular.eot@" [1]
2025-04-06 14:08:58 URL:https://berty.tech/fonts/source-sans-pro-v13-latin-regular.woff [20180/20180] -> "../../fonts/source-sans-pro-v13-latin-regular.woff" [1]
2025-04-06 14:08:58 URL:https://berty.tech/fonts/source-sans-pro-v13-latin-regular.ttf [40408/40408] -> "../../fonts/source-sans-pro-v13-latin-regular.ttf" [1]
2025-04-06 14:08:58 URL:https://berty.tech/fonts/source-sans-pro-v13-latin-regular.svg [59029/59029] -> "../../fonts/source-sans-pro-v13-latin-regular.svg" [1]
2025-04-06 14:08:58 URL:https://berty.tech/fonts/source-sans-pro-v13-latin-600.eot [18965/18965] -> "../../fonts/source-sans-pro-v13-latin-600.eot" [1]
2025-04-06 14:08:58 URL:https://berty.tech/fonts/source-sans-pro-v13-latin-600.eot? [18965/18965] -> "../../fonts/source-sans-pro-v13-latin-600.eot@" [1]
2025-04-06 14:08:59 URL:https://berty.tech/fonts/source-sans-pro-v13-latin-600.woff [20096/20096] -> "../../fonts/source-sans-pro-v13-latin-600.woff" [1]
2025-04-06 14:08:59 URL:https://berty.tech/fonts/source-sans-pro-v13-latin-600.ttf [40028/40028] -> "../../fonts/source-sans-pro-v13-latin-600.ttf" [1]
2025-04-06 14:08:59 URL:https://berty.tech/fonts/source-sans-pro-v13-latin-600.svg [57796/57796] -> "../../fonts/source-sans-pro-v13-latin-600.svg" [1]
2025-04-06 14:08:59 URL:https://berty.tech/img/bg_particles.svg [1653/1653] -> "../../img/bg_particles.svg" [1]
2025-04-06 14:08:59 URL:https://berty.tech/img/bg_docs.svg [33228/33228] -> "../../img/bg_docs.svg" [1]
2025-04-06 14:08:59 URL:https://berty.tech/img/bg_about.svg [1532/1532] -> "../../img/bg_about.svg" [1]
2025-04-06 14:08:59 URL:https://berty.tech/img/bg_download.svg [977/977] -> "../../img/bg_download.svg" [1]
2025-04-06 14:09:00 URL:https://berty.tech/img/bg_contact.svg [791/791] -> "../../img/bg_contact.svg" [1]
2025-04-06 14:09:00 URL:https://berty.tech/img/ajax-loader.gif [4178/4178] -> "../../img/ajax-loader.gif" [1]
2025-04-06 14:09:00 URL:https://berty.tech/favicon/favicon.ico [15086/15086] -> "../../favicon/favicon.ico" [1]
2025-04-06 14:09:00 URL:https://berty.tech/img/favicon_hu8c11226219fbafadc0690fa2ac23a909_19505_196x196_resize_mitchellnetravali_3.png [10973/10973] -> "../../img/favicon_hu8c11226219fbafadc0690fa2ac23a909_19505_196x196_resize_mitchellnetravali_3.png" [1]
2025-04-06 14:09:00 URL:https://berty.tech/docs/index.xml [8187/8187] -> "../../docs/index.xml" [1]
2025-04-06 14:09:00 URL:https://berty.tech/docs/ [59366/59366] -> "../../docs/index.html" [1]
2025-04-06 14:09:01 URL:https://berty.tech/img/wesh.svg [1545/1545] -> "../../img/wesh.svg" [1]
2025-04-06 14:09:01 URL:https://berty.tech/img/berty-messenger.svg [1783/1783] -> "../../img/berty-messenger.svg" [1]
2025-04-06 14:09:01 URL:https://berty.tech/img/icon-partners.svg [1872/1872] -> "../../img/icon-partners.svg" [1]
2025-04-06 14:09:01 URL:https://berty.tech/img/img-ipfs.png [1875/1875] -> "../../img/img-ipfs.png" [1]
2025-04-06 14:09:01 URL:https://berty.tech/img/img-42.png [492/492] -> "../../img/img-42.png" [1]
2025-04-06 14:09:01 URL:https://berty.tech/img/img-paris-p2p.png [1568/1568] -> "../../img/img-paris-p2p.png" [1]
2025-04-06 14:09:01 URL:https://berty.tech/img/img-protocol-labs.png [739/739] -> "../../img/img-protocol-labs.png" [1]
2025-04-06 14:09:01 URL:https://berty.tech/docs/protocol/ [125343/125343] -> "../../docs/protocol/index.html" [1]
2025-04-06 14:09:02 URL:https://berty.tech/docs/berty/ [65632/65632] -> "../../docs/berty/index.html" [1]
2025-04-06 14:09:02 URL:https://berty.tech/docs/go-ipfs-log/ [57271/57271] -> "../../docs/go-ipfs-log/index.html" [1]
2025-04-06 14:09:02 URL:https://berty.tech/docs/go-orbit-db/ [57232/57232] -> "../../docs/go-orbit-db/index.html" [1]
2025-04-06 14:09:03 URL:https://berty.tech/docs/gomobile-ipfs/ [58341/58341] -> "../../docs/gomobile-ipfs/index.html" [1]
2025-04-06 14:09:03 URL:https://berty.tech/docs/zeropush/ [56857/56857] -> "../../docs/zeropush/index.html" [1]
2025-04-06 14:09:03 URL:https://berty.tech/docs/go-tor-transport/ [57420/57420] -> "../../docs/go-tor-transport/index.html" [1]
2025-04-06 14:09:04 URL:https://berty.tech/docs/assets/ [56565/56565] -> "../../docs/assets/index.html" [1]
2025-04-06 14:09:04 URL:https://berty.tech/docs/yolo/ [57093/57093] -> "../../docs/yolo/index.html" [1]
https://berty.tech/docs/img/bg_particles.svg:
2025-04-06 14:09:04 ERROR 404: Not Found.
https://berty.tech/docs/img/bg_docs.svg:
2025-04-06 14:09:04 ERROR 404: Not Found.
https://berty.tech/docs/img/bg_about.svg:
2025-04-06 14:09:05 ERROR 404: Not Found.
https://berty.tech/docs/img/bg_download.svg:
2025-04-06 14:09:05 ERROR 404: Not Found.
https://berty.tech/docs/img/bg_contact.svg:
2025-04-06 14:09:05 ERROR 404: Not Found.
https://berty.tech/docs/img/ajax-loader.gif:
2025-04-06 14:09:05 ERROR 404: Not Found.
2025-04-06 14:09:06 URL:https://berty.tech/docs/protocol [125343/125343] -> "../../docs/protocol.1.html" [1]
2025-04-06 14:09:06 URL:https://berty.tech/js/tocbot.min.js [9009/9009] -> "../../js/tocbot.min.js" [1]
2025-04-06 14:09:06 URL:https://berty.tech/bundle.min.d2dc009cd4c5d06420a82ed268c3c99b29a8d23753caaf01e03df6690987def6.js [242389/242389] -> "../../bundle.min.d2dc009cd4c5d06420a82ed268c3c99b29a8d23753caaf01e03df6690987def6.js" [1]
2025-04-06 14:09:06 URL:https://berty.tech/docs/berty [65632/65632] -> "../../docs/berty.1.html" [1]
2025-04-06 14:09:06 URL:https://berty.tech/img/berty.svg [4885/4885] -> "../../img/berty.svg" [1]
2025-04-06 14:09:06 URL:https://berty.tech/docs/go-ipfs-log [57271/57271] -> "../../docs/go-ipfs-log.1.html" [1]
2025-04-06 14:09:07 URL:https://berty.tech/docs/go-orbit-db [57232/57232] -> "../../docs/go-orbit-db.1.html" [1]
2025-04-06 14:09:07 URL:https://berty.tech/docs/gomobile-ipfs [58341/58341] -> "../../docs/gomobile-ipfs.1.html" [1]
2025-04-06 14:09:07 URL:https://berty.tech/docs/zeropush [56857/56857] -> "../../docs/zeropush.1.html" [1]
2025-04-06 14:09:07 URL:https://berty.tech/docs/go-tor-transport [57420/57420] -> "../../docs/go-tor-transport.1.html" [1]
2025-04-06 14:09:07 URL:https://berty.tech/docs/assets [56565/56565] -> "../../docs/assets.1.html" [1]
2025-04-06 14:09:07 URL:https://berty.tech/docs/yolo [57093/57093] -> "../../docs/yolo.1.html" [1]
FINISHED --2025-04-06 14:09:07--
Total wall clock time: 18s
Downloaded: 85 files, 16M in 5.0s (3.26 MB/s)
